// Jest Snapshot v1, https://goo.gl/fbAQLP

exports[`instruments: sum function should return correct result of sum 1`] = `3`;
